=== Previous Session Logcat ===
captured_time_utc=20261003_045401
captured_time_local=20261002_235401
marker=2026-10-02 23:50:41.204
preferred_prev_pid=-1
note=best-effort; buffers may be overwritten before next start
sdk=36
device=samsung SM-S731U
appId=com.negi.survey.local
versionName=0.0.1
versionCode=1

=== Logcat (since marker) ===
--------- beginning of main
10-02 23:50:41.204  9784  9935 D CrashCapture: Staged prev session logcat: /data/user/0/com.negi.survey.local/files/diagnostics/crash/prevlog_20261003_045041_pid9784.log bytes=27775 marker=2026-10-02 20:40:34.860 pid=-1
10-02 23:50:41.206  9784  9935 D CrashCapture: Persisted logcat marker for next run: 2026-10-02 23:50:41.204
10-02 23:50:41.207  9784  9935 D CrashCapture: No upload config found; crash artifacts will remain local. where=SurveyApp:enqueuePending(immediate):bg
10-02 23:50:42.757  9784  9784 D SurveyApp: WorkManager available. where=startupRtLogs(delayed) took=0ms
10-02 23:50:42.760  9784  9784 D SurveyApp: Startup runtime logs: GitHub config not available (delayed).
10-02 23:50:42.761  9784  9784 D SurveyApp: Startup runtime logs: retry already scheduled; reason=config
10-02 23:50:42.765  9784  9784 D SurveyApp: WorkManager available. where=startupRingLogs(delayed) took=0ms
10-02 23:50:42.767  9784  9784 D SurveyApp: Startup ring logs: GitHub config not available (delayed).
10-02 23:50:42.768  9784  9784 D SurveyApp: Startup ring logs: retry already scheduled; reason=config
10-02 23:50:42.771  9784  9824 D SurveyApp: Survey recovery WorkManager available. where=startupSurveyUploads(delayed) took=0ms
10-02 23:50:42.772  9784  9824 W SurveyApp: Startup survey recovery: GitHub config unavailable (delayed).
10-02 23:50:42.773  9784  9824 W SurveyApp: Startup survey recovery: retry exhausted; reason=config
10-02 23:50:44.441  9784  9989 D ProfileInstaller: Installing profile for com.negi.survey.local
10-02 23:50:48.263  9784  9800 W gi.survey.local: userfaultfd: MOVE ioctl seems unsupported: Connection timed out
10-02 23:53:58.189 11910 11910 I Zygote  : Process 11910 created for com.negi.survey.local
10-02 23:53:58.190 11910 11910 I gi.survey.local: Late-enabling -Xcheck:jni
10-02 23:53:58.217 11910 11910 I gi.survey.local: Using CollectorTypeCMC GC.
10-02 23:53:58.225 11910 11910 D nativeloader: Load libframework-connectivity-tiramisu-jni.so using APEX ns com_android_tethering for caller /apex/com.android.tethering/javalib/framework-connectivity-t.jar: ok
10-02 23:53:58.228 11910 11910 D ActivityThread: setConscryptValidator
10-02 23:53:58.228 11910 11910 D ActivityThread: setConscryptValidator - put
10-02 23:53:58.250 11910 11910 D ApplicationLoaders: Returning zygote-cached class loader: /system_ext/framework/androidx.window.extensions.jar
10-02 23:53:58.250 11910 11910 D ApplicationLoaders: Returning zygote-cached class loader: /system_ext/framework/androidx.window.sidecar.jar
10-02 23:53:58.590 11910 11910 D nativeloader: Configuring clns-9 for other apk /data/app/~~glOlDrluoVjljpha0KV1WQ==/com.negi.survey.local-btXhI3dz0s77PEllUc6YEw==/base.apk. target_sdk_version=36, uses_libraries=libOpenCL.so, library_path=/data/app/~~glOlDrluoVjljpha0KV1WQ==/com.negi.survey.local-btXhI3dz0s77PEllUc6YEw==/lib/arm64:/data/app/~~glOlDrluoVjljpha0KV1WQ==/com.negi.survey.local-btXhI3dz0s77PEllUc6YEw==/base.apk!/lib/arm64-v8a, permitted_path=/data:/mnt/expand:/data/user/0/com.negi.survey.local
10-02 23:53:58.595 11910 11910 V GraphicsEnvironment: Currently set values for:
10-02 23:53:58.595 11910 11910 V GraphicsEnvironment:   angle_gl_driver_selection_pkgs=[]
10-02 23:53:58.595 11910 11910 V GraphicsEnvironment:   angle_gl_driver_selection_values=[]
10-02 23:53:58.595 11910 11910 V GraphicsEnvironment: com.negi.survey.local is not listed in per-application setting
10-02 23:53:58.596 11910 11910 V GraphicsEnvironment: ANGLE allowlist from config: com.dreamgames.royalmatch com.dts.freefiremax com.dxx.firenow com.gramgames.mergedragons com.ludo.king com.mojang.minecraftpe com.my.defense com.nintendo.zaka com.os.airforce com.playrix.fishdomdd.gplay io.teslatech.callbreak jp.konami.prospia net.peakgames.toonblast
10-02 23:53:58.596 11910 11910 V GraphicsEnvironment: No special selections for ANGLE, returning default driver choice
10-02 23:53:58.596 11910 11910 V GraphicsEnvironment: Neither updatable production driver nor prerelease driver is supported.
10-02 23:53:58.654 11910 11910 D nativeloader: Load /data/app/~~glOlDrluoVjljpha0KV1WQ==/com.negi.survey.local-btXhI3dz0s77PEllUc6YEw==/base.apk!/lib/arm64-v8a/liblitertlm_jni.so using class loader ns clns-9 (caller=/data/app/~~glOlDrluoVjljpha0KV1WQ==/com.negi.survey.local-btXhI3dz0s77PEllUc6YEw==/base.apk!classes11.dex): ok
10-02 23:53:58.654 11910 11910 D SurveyApp: Loaded LiteRTLM JNI: litertlm_jni where=attachBaseContext
10-02 23:53:58.713 11910 11910 D AppRingLogStore: installed: dir=/data/user/0/com.negi.survey.local/files/diagnostics/applog_ring idx=0
10-02 23:53:58.713 11910 11910 D SurveyApp: attachBaseContext: pid=11910 process=com.negi.survey.local isMain=true sdk=36
10-02 23:53:58.714 11910 11910 D SurveyApp: bootTiming: attachBaseContext total=88ms
10-02 23:53:58.714 11910 11910 D SurveyApp: Skipping WorkManager init in attachBaseContext; will init lazily on first enqueue.
10-02 23:53:58.719 11910 11910 D CrashCapture: install: ensured default handler. where=SurveyApp:attachBaseContext pid=11910 default=com.negi.survey.CrashCapture$CrashHandler@4728335
10-02 23:53:58.719 11910 11910 D SurveyApp: CrashCapture installed: where=SurveyApp:attachBaseContext
10-02 23:53:58.723 11910 12047 D RuntimeLogStore: openWriter: start -> /data/user/0/com.negi.survey.local/files/diagnostics/runtime_logs/rtlog_20261003_045358_700_pid11910_seq1.log (bytes=0 format=LEGACY)
10-02 23:53:58.726 11910 12047 D RuntimeLogStore: retention: start files=8 kept=8 totalBytes=310108
10-02 23:53:58.727 11910 11910 E gi.survey.local: hiddenapi: Accessing hidden method Landroid/net/ssl/EchConfigMismatchException;->getRetryConfigList()Landroid/net/ssl/EchConfigList; (runtime_flags=0, domain=core-platform, api=blocked) from /data/app/~~glOlDrluoVjljpha0KV1WQ==/com.negi.survey.local-btXhI3dz0s77PEllUc6YEw==/base.apk!classes18.dex (domain=app, TargetSdkVersion=36) using linking: denied
10-02 23:53:58.727 11910 11910 E gi.survey.local: hiddenapi: Accessing hidden method Landroid/net/ssl/EchConfigList;->toBytes()[B (runtime_flags=0, domain=core-platform, api=blocked) from /data/app/~~glOlDrluoVjljpha0KV1WQ==/com.negi.survey.local-btXhI3dz0s77PEllUc6YEw==/base.apk!classes18.dex (domain=app, TargetSdkVersion=36) using linking: denied
10-02 23:53:58.727 11910 11910 E gi.survey.local: hiddenapi: Accessing hidden method Landroid/net/ssl/EchConfigList;->fromBytes([B)Landroid/net/ssl/EchConfigList; (runtime_flags=0, domain=core-platform, api=blocked) from /data/app/~~glOlDrluoVjljpha0KV1WQ==/com.negi.survey.local-btXhI3dz0s77PEllUc6YEw==/base.apk!classes18.dex (domain=app, TargetSdkVersion=36) using linking: denied
10-02 23:53:58.727 11910 11910 E gi.survey.local: hiddenapi: Accessing hidden method Landroid/net/ssl/SSLSockets;->setEchConfigList(Ljavax/net/ssl/SSLSocket;Landroid/net/ssl/EchConfigList;)V (runtime_flags=0, domain=core-platform, api=blocked) from /data/app/~~glOlDrluoVjljpha0KV1WQ==/com.negi.survey.local-btXhI3dz0s77PEllUc6YEw==/base.apk!classes18.dex (domain=app, TargetSdkVersion=36) using linking: denied
10-02 23:53:58.742 11910 11910 D SurveyApp: LiteRTLM JNI already loaded; skip. where=onCreate(retry)
10-02 23:53:58.743 11910 11910 D SurveyApp: bootTiming: RuntimeLogStore.start took=0ms
10-02 23:53:58.743 11910 11910 D SurveyApp: bootTiming: AppRingLogStore.install took=0ms
10-02 23:53:58.743 11910 11910 D SurveyApp: onCreate: pid=11910 process=com.negi.survey.local isMain=true sdk=36
10-02 23:53:58.749 11910 11910 D CrashCapture: install: ensured default handler. where=SurveyApp:onCreate(rewrap) pid=11910 default=com.negi.survey.CrashCapture$CrashHandler@4728335
10-02 23:53:58.749 11910 11910 D SurveyApp: CrashCapture installed: where=SurveyApp:onCreate(rewrap)
10-02 23:53:58.749 11910 11910 D CrashCapture: registerSelfHealing: ActivityLifecycleCallbacks registered. mode=onResumedOnly
10-02 23:53:58.749 11910 11910 D SurveyApp: CrashCapture self-healing registered.
10-02 23:53:58.749 11910 11910 W SurveyApp: Startup enqueues deferred: delay=2500ms (to reduce init contention)
10-02 23:53:58.750 11910 11910 D SurveyApp: Startup survey recovery deferred: delay=2500ms
10-02 23:53:58.750 11910 11910 D SurveyApp: bootTiming: onCreate total=8ms
10-02 23:53:58.785 11910 12049 I UploadRescheduleRcvr: Survey recovery action=android.intent.action.MY_PACKAGE_REPLACED discovered=0 reconciled=0 duplicates=0 unclassified=0 operationalFailures=0 classifications={}
10-02 23:53:58.805 11910 12049 D UploadRescheduleRcvr: No generic GitHub pending files for action=android.intent.action.MY_PACKAGE_REPLACED
10-02 23:53:58.844 11910 12049 D github_upload: enqueueStartupRuntimeLogsUpload: uniqueName=upload_runtime_logs_startup policy=KEEP session=startup_runtime_20261003_045358_0717dcce
10-02 23:53:58.942 11910 12049 D WM-PackageManagerHelper: Skipping component enablement for androidx.work.impl.background.systemjob.SystemJobService
10-02 23:53:58.942 11910 12049 D WM-Schedulers: Created SystemJobScheduler and enabled SystemJobService
10-02 23:53:58.952 11910 12068 D WM-ForceStopRunnable: Is default app process = true
10-02 23:53:58.957 11910 12068 D WM-ForceStopRunnable: Performing cleanup operations.
10-02 23:53:58.970 11910 12049 D UploadRescheduleRcvr: Enqueued runtime logs upload for action=android.intent.action.MY_PACKAGE_REPLACED reason=receiver_my_package_replaced
10-02 23:53:59.019 11910 12068 E ashmem  : Pinning is deprecated since Android Q. Please use trim or other methods.
10-02 23:53:59.208 11910 12075 D WM-SystemJobScheduler: Scheduling work ID 4ac9bed9-5b91-451a-aa0d-1586c62447f7Job ID 4
10-02 23:53:59.224 11910 12075 D WM-GreedyScheduler: Starting tracking for 4ac9bed9-5b91-451a-aa0d-1586c62447f7
10-02 23:53:59.228 11910 11910 D WM-SystemJobService: onStartJob for WorkGenerationalId(workSpecId=4ac9bed9-5b91-451a-aa0d-1586c62447f7, generation=0)
10-02 23:53:59.251 11910 12079 D WM-Processor: Processor: processing WorkGenerationalId(workSpecId=4ac9bed9-5b91-451a-aa0d-1586c62447f7, generation=0)
10-02 23:53:59.290 11910 11910 D WM-WorkerWrapper: Starting work for com.negi.survey.net.GitHubUploadWorker
10-02 23:53:59.298 11910 12074 D WM-WorkConstraintsTrack: NetworkRequestConstraintController register shared callback
10-02 23:53:59.303 11910 12074 D ConnectivityManager: StackLog: [android.net.ConnectivityManager.sendRequestForNetwork(ConnectivityManager.java:4738)] [android.net.ConnectivityManager.registerDefaultNetworkCallbackForUid(ConnectivityManager.java:5463)] [android.net.ConnectivityManager.registerDefaultNetworkCallback(ConnectivityManager.java:5430)] [android.net.ConnectivityManager.registerDefaultNetworkCallback(ConnectivityManager.java:5404)] [androidx.work.impl.constraints.SharedNetworkCallback.addCallback(WorkConstraintsTracker.kt:362)] [androidx.work.impl.constraints.NetworkRequestConstraintController$track$1.invokeSuspend(WorkConstraintsTracker.kt:179)] [androidx.work.impl.constraints.NetworkRequestConstraintController$track$1.invoke(Unknown Source:8)] [androidx.work.impl.constraints.NetworkRequestConstraintController$track$1.invoke(Unknown Source:4)] [kotlinx.coroutines.flow.ChannelFlowBuilder.collectTo$suspendImpl(Builders.kt:316)] [kotlinx.coroutines.flow.ChannelFlowBuilder.collectTo(Unknown Source:0)] [kotlinx.coroutines.flow.CallbackFlowBuilder.collectTo(Builders.kt:330)] [kotlinx.coroutines.flow.internal.ChannelFlow$collectToFun$1.invokeSuspend(ChannelFlow.kt:56)] [kotlin.coroutines.jvm.internal.BaseContinuationImpl.resumeWith(ContinuationImpl.kt:34)] [kotlinx.coroutines.DispatchedTask.run(DispatchedTask.kt:100)] [androidx.work.impl.utils.SerialExecutorImpl$Task.run(SerialExecutorImpl.java:96)] [java.util.concurrent.ThreadPoolExecutor.runWorker(ThreadPoolExecutor.java:1154)] [java.util.concurrent.ThreadPoolExecutor$Worker.run(ThreadPoolExecutor.java:652)] [java.lang.Thread.run(Thread.java:1563)]
10-02 23:53:59.343 11910 12080 D WM-WorkConstraintsTrack: NetworkRequestConstraintController onCapabilitiesChanged callback
10-02 23:53:59.344 11910 12080 D WM-WorkConstraintsTrack: Not dispatching constraint state yet: isBlocked=null, capabilitiesInitialized=true
10-02 23:53:59.344 11910 12080 D WM-WorkConstraintsTrack: NetworkRequestConstraintController onBlockedStatusChanged callback false
10-02 23:53:59.355 11910 12074 D WM-PackageManagerHelper: androidx.work.impl.background.systemalarm.RescheduleReceiver enabled
10-02 23:53:59.363 11910 12074 I WM-Processor: Moving WorkSpec (4ac9bed9-5b91-451a-aa0d-1586c62447f7) to the foreground
10-02 23:53:59.443 11910 11910 I WM-SystemFgDispatcher: Started foreground service Intent { act=ACTION_START_FOREGROUND xflg=0x4 cmp=com.negi.survey.local/androidx.work.impl.foreground.SystemForegroundService (has extras) }
10-02 23:53:59.443 11910 12074 D WM-GreedyScheduler: Constraints met: Scheduling work ID WorkGenerationalId(workSpecId=4ac9bed9-5b91-451a-aa0d-1586c62447f7, generation=0)
10-02 23:53:59.443 11910 12074 D WM-WorkProgressUpdater: Updating progress for 4ac9bed9-5b91-451a-aa0d-1586c62447f7 (Data {pct : 3, mode : startup_runtime_logs})
10-02 23:53:59.445 11910 11910 D WM-SystemFgDispatcher: Notifying with (id:10070, workSpecId: 4ac9bed9-5b91-451a-aa0d-1586c62447f7, notificationType :1)
10-02 23:53:59.455 11910 12074 I WM-Processor: Moving WorkSpec (4ac9bed9-5b91-451a-aa0d-1586c62447f7) to the foreground
10-02 23:53:59.468 11910 11910 D WM-SystemFgDispatcher: Notifying with (id:10070, workSpecId: 4ac9bed9-5b91-451a-aa0d-1586c62447f7, notificationType :1)
--------- beginning of system
10-02 23:53:59.470 11910 11910 I NotificationManager: com.negi.survey.local: notify(10070, null, Notification(channel=uploads shortcut=null contentView=null vibrate=null sound=null defaults=0 flags=ONGOING_EVENT|ONLY_ALERT_ONCE color=0x00000000 category=progress vis=PRIVATE semFlags=0x0 semPriority=0 semMissedCount=0 semScenarioType=0)) as user
10-02 23:53:59.472 11910 11910 D NotificationManager: BOOTING pkg =com.negi.survey.local mBlockedChannelsForOverflowNoti=[]
10-02 23:53:59.481 11910 12074 D WM-Processor: Work WorkGenerationalId(workSpecId=4ac9bed9-5b91-451a-aa0d-1586c62447f7, generation=0) is already enqueued for processing
10-02 23:53:59.485 11910 12074 D WM-WorkConstraintsTrack: NetworkRequestConstraintController send initial capabilities
10-02 23:53:59.485 11910 11910 D WM-SystemFgDispatcher: Notifying with (id:10070, workSpecId: 4ac9bed9-5b91-451a-aa0d-1586c62447f7, notificationType :1)
10-02 23:53:59.487 11910 11910 I NotificationManager: com.negi.survey.local: notify(10070, null, Notification(channel=uploads shortcut=null contentView=null vibrate=null sound=null defaults=0 flags=ONGOING_EVENT|ONLY_ALERT_ONCE color=0x00000000 category=progress vis=PRIVATE semFlags=0x0 semPriority=0 semMissedCount=0 semScenarioType=0)) as user
10-02 23:54:00.653 11910 12047 D RuntimeLogStore: openWriter: rotate:plain_snapshot:receiver_my_package_repl -> /data/user/0/com.negi.survey.local/files/diagnostics/runtime_logs/rtlog_20261003_045400_651_pid11910_seq2.log (bytes=0 format=LEGACY)
10-02 23:54:00.654 11910 12047 D RuntimeLogStore: retention: rotate:plain_snapshot:receiver_my_package_repl files=9 kept=9 totalBytes=311927
10-02 23:54:00.717 11910 12050 D github_upload: doRuntimeLogsUpload: remoteBaseDir=diagnostics/runtime_logs/2026-10-03/runtime_logs_startup_runtime_20261003_045358_0717dcce_receiver_my_package_repl toUpload=8 bytes=311584 dedupe=true deleteSource=true deletedSourcePre=0 preview='runtime_log_20261003_045400_660_pid11910_receiver_my_package_repl__rtlog_20261003_045358_700_pid11910_seq1.log|runtime_log_20261003_045400_660_pid11910_receiver_my_package_repl__rtlog_20261003_045038_626_pid9784_seq1.log|runtime_log_20261003_045400_660_pid11910_receiver_my_package_repl__rtlog_20261003_014032_123_pid32235_seq1.log|runtime_log_20261003_045400_660_pid11910_receiver_my_package_repl__rtlog_20261002_231646_903_pid13765_seq1.log|runtime_log_20261003_045400_660_pid11910_receiver_my_package_repl__rtlog_20261002_223021_787_pid21549_seq1.log|runtime_log_20261003_045400_660_pid11910_receiver_my_package_repl__rtlog_20261002_204524_269_pid8685_seq1.log|runtime_log_20261003_045400_660_pid11910_receiver_my_package_repl__rtlog_20261002_203552_235_pid4465_seq1.log|runtime_log_20261003_045400_660_pid11910_receiver_my_package_repl__rtlog_20261002_195555_635_pid19752_seq2.log'
10-02 23:54:00.722 11910 12050 D GitHubUploader: uploadStream: owner=ishizuki-tech repo=SurveyExports-Dev branch=main path=diagnostics/runtime_logs/2026-10-03/runtime_logs_startup_runtime_20261003_045358_0717dcce_receiver_my_package_repl/runtime_log_20261003_045400_660_pid11910_receiver_my_package_repl__rtlog_20261003_045358_700_pid11910_seq1.log size=1800 maxRawBytesHint=1000000 maxRequestBytesHint=2800000
10-02 23:54:00.722 11910 12079 D WM-WorkProgressUpdater: Updating progress for 4ac9bed9-5b91-451a-aa0d-1586c62447f7 (Data {pct : 10, mode : startup_runtime_logs})
10-02 23:54:00.728 11910 12079 I WM-Processor: Moving WorkSpec (4ac9bed9-5b91-451a-aa0d-1586c62447f7) to the foreground
10-02 23:54:00.739 11910 11910 D WM-SystemFgDispatcher: Notifying with (id:10070, workSpecId: 4ac9bed9-5b91-451a-aa0d-1586c62447f7, notificationType :1)
10-02 23:54:00.740 11910 11910 I NotificationManager: com.negi.survey.local: notify(10070, null, Notification(channel=uploads shortcut=null contentView=null vibrate=null sound=null defaults=0 flags=ONGOING_EVENT|ONLY_ALERT_ONCE color=0x00000000 category=progress vis=PRIVATE semFlags=0x0 semPriority=0 semMissedCount=0 semScenarioType=0)) as user
10-02 23:54:01.250 11910 11910 W SurveyApp: Deferred startup enqueues begin...
10-02 23:54:01.251 11910 11910 I SurveyApp: GitHub upload mode: local
10-02 23:54:01.251 11910 11910 I SurveyApp: GitHub upload target: ishizuki-tech/SurveyExports-Dev
10-02 23:54:01.251 11910 11910 I SurveyApp: GitHub upload branch: main
10-02 23:54:01.251 11910 11910 I SurveyApp: GitHub upload path prefix: (none)
10-02 23:54:01.251 11910 11910 I SurveyApp: GitHub credentials: available
10-02 23:54:01.252 11910 11910 D SurveyApp: WorkManager available. where=startupRtLogs(immediate) took=0ms
10-02 23:54:01.252 11910 11910 D SurveyApp: Startup runtime logs target -> owner=ishizuki-tech repo=SurveyExports-Dev branch=main base='/diagnostics/runtime_logs'
10-02 23:54:01.254 11910 11910 D github_upload: enqueueStartupRuntimeLogsUpload: uniqueName=upload_runtime_logs_startup policy=KEEP session=startup_runtime_20261003_045401_4f04ac44
10-02 23:54:01.254 11910 11910 D SurveyApp: Startup runtime logs: enqueue requested (immediate).
10-02 23:54:01.255 11910 11910 D SurveyApp: WorkManager available. where=startupRingLogs(immediate) took=0ms
10-02 23:54:01.257 11910 11910 D SurveyApp: Startup ring logs target -> owner=ishizuki-tech repo=SurveyExports-Dev branch=main base='/diagnostics/applog_ring'
10-02 23:54:01.258 11910 11910 D github_upload: enqueueStartupRingLogsUpload: uniqueName=upload_ring_logs_startup policy=KEEP session=startup_ring_20261003_045401_a8639051
10-02 23:54:01.258 11910 11910 D SurveyApp: Startup ring logs: enqueue requested (immediate).
10-02 23:54:01.258 11910 11910 D SurveyApp: WorkManager available. where=enqueuePending(immediate) took=0ms
10-02 23:54:01.259 11910 11910 D SurveyApp: CrashCapture pending uploads requested (immediate).
10-02 23:54:01.259 11910 11910 W SurveyApp: Deferred startup enqueues done: took=10ms
10-02 23:54:01.259 11910 12121 D CrashCapture: enqueuePendingCrashUploadsIfPossible enter where=SurveyApp:enqueuePending(immediate):bg pid=11910 thread=CrashCapture-Enqueue
10-02 23:54:01.260 11910 12049 D SurveyApp: Survey recovery WorkManager available. where=startupSurveyUploads(initial) took=0ms
10-02 23:54:01.261 11910 12049 D SurveyApp: Startup survey recovery complete: discovered=0 attempted=0 submitted=0 active=0 trackerUnconfirmed=0 uploaded=0 deferred=0 invalid=0 operationalFailures=0 duplicates=0 unclassified=0
10-02 23:54:01.290 11910 12079 D WM-SystemJobScheduler: Scheduling work ID a0d9ce44-bcfb-411a-a6d4-155da72a83f8Job ID 5
10-02 23:54:01.306 11910 11910 D WM-SystemJobService: onStartJob for WorkGenerationalId(workSpecId=a0d9ce44-bcfb-411a-a6d4-155da72a83f8, generation=0)
10-02 23:54:01.307 11910 12079 D WM-GreedyScheduler: Starting tracking for a0d9ce44-bcfb-411a-a6d4-155da72a83f8
10-02 23:54:01.309 11910 12079 D WM-WorkProgressUpdater: Updating progress for 4ac9bed9-5b91-451a-aa0d-1586c62447f7 (Data {pct : 11, mode : startup_runtime_logs})
10-02 23:54:01.316 11910 12074 I WM-Processor: Moving WorkSpec (4ac9bed9-5b91-451a-aa0d-1586c62447f7) to the foreground
10-02 23:54:01.318 11910 12074 D WM-WorkProgressUpdater: Updating progress for 4ac9bed9-5b91-451a-aa0d-1586c62447f7 (Data {pct : 19, mode : startup_runtime_logs})
10-02 23:54:01.320 11910 11910 D WM-SystemFgDispatcher: Notifying with (id:10070, workSpecId: 4ac9bed9-5b91-451a-aa0d-1586c62447f7, notificationType :1)
10-02 23:54:01.320 11910 11910 I NotificationManager: com.negi.survey.local: notify(10070, null, Notification(channel=uploads shortcut=null contentView=null vibrate=null sound=null defaults=0 flags=ONGOING_EVENT|ONLY_ALERT_ONCE color=0x00000000 category=progress vis=PRIVATE semFlags=0x0 semPriority=0 semMissedCount=0 semScenarioType=0)) as user
10-02 23:54:01.329 11910 12074 I WM-Processor: Moving WorkSpec (4ac9bed9-5b91-451a-aa0d-1586c62447f7) to the foreground
10-02 23:54:01.339 11910 11910 D WM-SystemFgDispatcher: Notifying with (id:10070, workSpecId: 4ac9bed9-5b91-451a-aa0d-1586c62447f7, notificationType :1)
10-02 23:54:01.341 11910 11910 I NotificationManager: com.negi.survey.local: notify(10070, null, Notification(channel=uploads shortcut=null contentView=null vibrate=null sound=null defaults=0 flags=ONGOING_EVENT|ONLY_ALERT_ONCE color=0x00000000 category=progress vis=PRIVATE semFlags=0x0 semPriority=0 semMissedCount=0 semScenarioType=0)) as user
10-02 23:54:01.348 11910 12074 D WM-Processor: Processor: processing WorkGenerationalId(workSpecId=a0d9ce44-bcfb-411a-a6d4-155da72a83f8, generation=0)
10-02 23:54:01.367 11910 11910 D WM-WorkerWrapper: Starting work for com.negi.survey.net.GitHubUploadWorker
10-02 23:54:01.369 11910 12075 D WM-WorkConstraintsTrack: NetworkRequestConstraintController send initial capabilities
10-02 23:54:01.370 11910 12075 D WM-GreedyScheduler: Constraints met: Scheduling work ID WorkGenerationalId(workSpecId=a0d9ce44-bcfb-411a-a6d4-155da72a83f8, generation=0)
10-02 23:54:01.372 11910 12075 I WM-Processor: Moving WorkSpec (a0d9ce44-bcfb-411a-a6d4-155da72a83f8) to the foreground
10-02 23:54:01.374 11910 11910 I WM-SystemFgDispatcher: Started foreground service Intent { act=ACTION_START_FOREGROUND xflg=0x4 cmp=com.negi.survey.local/androidx.work.impl.foreground.SystemForegroundService (has extras) }
10-02 23:54:01.374 11910 11910 D WM-SystemFgDispatcher: Notifying with (id:3826, workSpecId: a0d9ce44-bcfb-411a-a6d4-155da72a83f8, notificationType :1)
10-02 23:54:01.375 11910 11910 I NotificationManager: com.negi.survey.local: notify(3826, null, Notification(channel=uploads shortcut=null contentView=null vibrate=null sound=null defaults=0 flags=ONGOING_EVENT|ONLY_ALERT_ONCE color=0x00000000 category=progress vis=PRIVATE semFlags=0x0 semPriority=0 semMissedCount=0 semScenarioType=0)) as user
10-02 23:54:01.377 11910 12075 D WM-Processor: Work WorkGenerationalId(workSpecId=a0d9ce44-bcfb-411a-a6d4-155da72a83f8, generation=0) is already enqueued for processing
10-02 23:54:01.378 11910 12079 D WM-WorkProgressUpdater: Updating progress for a0d9ce44-bcfb-411a-a6d4-155da72a83f8 (Data {pct : 3, mode : startup_ring_logs})
10-02 23:54:01.383 11910 12079 I WM-Processor: Moving WorkSpec (a0d9ce44-bcfb-411a-a6d4-155da72a83f8) to the foreground
