=== RuntimeLogStore Header ===
ts=2026-10-05T23:03:30.565Z
fileNameFormat=LEGACY
appId=com.negi.survey.local
versionName=0.0.1
versionCode=1
debug=true
device=samsung SM-S731U
sdk=36
pid=26073
==============================
2026-10-05T23:03:30.565Z I/RuntimeLogStore [rtlog-io] start: actor launched (fileNameFormat=LEGACY)
2026-10-05T23:03:30.560Z D/SurveyApp [main] attachBaseContext: pid=26073 process=com.negi.survey.local isMain=true sdk=36
2026-10-05T23:03:30.560Z D/SurveyApp [main] bootTiming: attachBaseContext total=27ms
2026-10-05T23:03:30.560Z D/SurveyApp [main] Skipping WorkManager init in attachBaseContext; will init lazily on first enqueue.
2026-10-05T23:03:30.562Z D/SurveyApp [main] CrashCapture installed: where=SurveyApp:attachBaseContext
2026-10-05T23:03:30.572Z I/RuntimeLogStore [main] start repair: ctx/dir refreshed
2026-10-05T23:03:30.572Z D/SurveyApp [main] bootTiming: RuntimeLogStore.start took=0ms
2026-10-05T23:03:30.572Z D/SurveyApp [main] bootTiming: AppRingLogStore.install took=0ms
2026-10-05T23:03:30.572Z D/SurveyApp [main] onCreate: pid=26073 process=com.negi.survey.local isMain=true sdk=36
2026-10-05T23:03:30.575Z D/SurveyApp [main] CrashCapture installed: where=SurveyApp:onCreate(rewrap)
2026-10-05T23:03:30.575Z D/SurveyApp [main] CrashCapture self-healing registered.
2026-10-05T23:03:30.576Z W/SurveyApp [main] Startup enqueues deferred: delay=2500ms (to reduce init contention)
2026-10-05T23:03:30.576Z D/SurveyApp [main] Startup survey recovery deferred: delay=2500ms
2026-10-05T23:03:30.576Z D/SurveyApp [main] bootTiming: onCreate total=4ms
2026-10-05T23:03:33.080Z W/SurveyApp [main] Deferred startup enqueues begin...
2026-10-05T23:03:33.088Z I/SurveyApp [main] GitHub upload mode: local
GitHub upload target: ishizuki-tech/SurveyExports-Dev
GitHub upload branch: main
GitHub upload path prefix: (none)
GitHub credentials: unavailable
2026-10-05T23:03:33.089Z D/SurveyApp [main] WorkManager available. where=startupRtLogs(immediate) took=0ms
2026-10-05T23:03:33.091Z D/SurveyApp [main] Startup runtime logs: GitHub config not available (immediate).
2026-10-05T23:03:33.091Z W/SurveyApp [main] Startup runtime logs: scheduling one retry; reason=config
2026-10-05T23:03:33.091Z D/SurveyApp [main] WorkManager available. where=startupRingLogs(immediate) took=0ms
2026-10-05T23:03:33.093Z D/SurveyApp [main] Startup ring logs: GitHub config not available (immediate).
2026-10-05T23:03:33.093Z W/SurveyApp [main] Startup ring logs: scheduling one retry; reason=config
2026-10-05T23:03:33.093Z D/SurveyApp [main] WorkManager available. where=enqueuePending(immediate) took=0ms
2026-10-05T23:03:33.093Z D/SurveyApp [main] CrashCapture pending uploads requested (immediate).
2026-10-05T23:03:33.093Z W/SurveyApp [main] Deferred startup enqueues done: took=14ms
2026-10-05T23:03:33.094Z D/SurveyApp [DefaultDispatcher-worker-1] Survey recovery WorkManager available. where=startupSurveyUploads(initial) took=0ms
2026-10-05T23:03:33.096Z W/SurveyApp [DefaultDispatcher-worker-1] Startup survey recovery: GitHub config unavailable (initial).
2026-10-05T23:03:33.096Z W/SurveyApp [DefaultDispatcher-worker-1] Startup survey recovery: scheduling one retry; reason=config delay=1600ms
2026-10-05T23:03:34.691Z D/SurveyApp [main] WorkManager available. where=startupRtLogs(delayed) took=0ms
2026-10-05T23:03:34.697Z D/SurveyApp [main] Startup runtime logs: GitHub config not available (delayed).
2026-10-05T23:03:34.698Z D/SurveyApp [main] Startup runtime logs: retry already scheduled; reason=config
2026-10-05T23:03:34.702Z D/SurveyApp [main] WorkManager available. where=startupRingLogs(delayed) took=0ms
2026-10-05T23:03:34.704Z D/SurveyApp [main] Startup ring logs: GitHub config not available (delayed).
2026-10-05T23:03:34.705Z D/SurveyApp [main] Startup ring logs: retry already scheduled; reason=config
2026-10-05T23:03:34.705Z D/SurveyApp [DefaultDispatcher-worker-1] Survey recovery WorkManager available. where=startupSurveyUploads(delayed) took=0ms
2026-10-05T23:03:34.707Z W/SurveyApp [DefaultDispatcher-worker-1] Startup survey recovery: GitHub config unavailable (delayed).
2026-10-05T23:03:34.707Z W/SurveyApp [DefaultDispatcher-worker-1] Startup survey recovery: retry exhausted; reason=config
