=== RuntimeLogStore Header ===
ts=2026-10-06T19:12:26.155Z
fileNameFormat=LEGACY
appId=com.negi.survey.local
versionName=0.0.1
versionCode=1
debug=true
device=samsung SM-S731U
sdk=36
pid=12691
==============================
2026-10-06T19:12:26.155Z I/RuntimeLogStore [rtlog-io] start: actor launched (fileNameFormat=LEGACY)
2026-10-06T19:12:26.147Z D/SurveyApp [main] attachBaseContext: pid=12691 process=com.negi.survey.local isMain=true sdk=36
2026-10-06T19:12:26.147Z D/SurveyApp [main] bootTiming: attachBaseContext total=25ms
2026-10-06T19:12:26.147Z D/SurveyApp [main] Skipping WorkManager init in attachBaseContext; will init lazily on first enqueue.
2026-10-06T19:12:26.149Z D/SurveyApp [main] CrashCapture installed: where=SurveyApp:attachBaseContext
2026-10-06T19:12:26.160Z I/RuntimeLogStore [main] start repair: ctx/dir refreshed
2026-10-06T19:12:26.160Z D/SurveyApp [main] bootTiming: RuntimeLogStore.start took=1ms
2026-10-06T19:12:26.160Z D/SurveyApp [main] bootTiming: AppRingLogStore.install took=0ms
2026-10-06T19:12:26.160Z D/SurveyApp [main] onCreate: pid=12691 process=com.negi.survey.local isMain=true sdk=36
2026-10-06T19:12:26.163Z D/SurveyApp [main] CrashCapture installed: where=SurveyApp:onCreate(rewrap)
2026-10-06T19:12:26.163Z D/SurveyApp [main] CrashCapture self-healing registered.
2026-10-06T19:12:26.164Z W/SurveyApp [main] Startup enqueues deferred: delay=2500ms (to reduce init contention)
2026-10-06T19:12:26.164Z D/SurveyApp [main] Startup survey recovery deferred: delay=2500ms
2026-10-06T19:12:26.164Z D/SurveyApp [main] bootTiming: onCreate total=5ms
2026-10-06T19:12:26.177Z I/RuntimeLogStore [DefaultDispatcher-worker-1] start repair: ctx/dir refreshed
2026-10-06T19:12:27.663Z I/RuntimeLogStore [DefaultDispatcher-worker-1] start repair: ctx/dir refreshed
