=== RuntimeLogStore Header ===
ts=2026-10-06T20:05:41.128Z
fileNameFormat=LEGACY
appId=com.negi.survey.local
versionName=0.0.1
versionCode=1
debug=true
device=samsung SM-S731U
sdk=36
pid=12240
==============================
2026-10-06T20:05:41.128Z I/RuntimeLogStore [rtlog-io] start: actor launched (fileNameFormat=LEGACY)
2026-10-06T20:05:41.116Z D/SurveyApp [main] attachBaseContext: pid=12240 process=com.negi.survey.local isMain=true sdk=36
2026-10-06T20:05:41.116Z D/SurveyApp [main] bootTiming: attachBaseContext total=28ms
2026-10-06T20:05:41.116Z D/SurveyApp [main] Skipping WorkManager init in attachBaseContext; will init lazily on first enqueue.
2026-10-06T20:05:41.118Z D/SurveyApp [main] CrashCapture installed: where=SurveyApp:attachBaseContext
2026-10-06T20:05:41.138Z I/RuntimeLogStore [main] start repair: ctx/dir refreshed
2026-10-06T20:05:41.138Z D/SurveyApp [main] bootTiming: RuntimeLogStore.start took=0ms
2026-10-06T20:05:41.138Z D/SurveyApp [main] bootTiming: AppRingLogStore.install took=0ms
2026-10-06T20:05:41.138Z D/SurveyApp [main] onCreate: pid=12240 process=com.negi.survey.local isMain=true sdk=36
2026-10-06T20:05:41.143Z D/SurveyApp [main] CrashCapture installed: where=SurveyApp:onCreate(rewrap)
2026-10-06T20:05:41.143Z D/SurveyApp [main] CrashCapture self-healing registered.
2026-10-06T20:05:41.143Z W/SurveyApp [main] Startup enqueues deferred: delay=2500ms (to reduce init contention)
2026-10-06T20:05:41.143Z D/SurveyApp [main] Startup survey recovery deferred: delay=2500ms
2026-10-06T20:05:41.143Z D/SurveyApp [main] bootTiming: onCreate total=6ms
2026-10-06T20:05:43.645Z W/SurveyApp [main] Deferred startup enqueues begin...
2026-10-06T20:05:43.649Z I/SurveyApp [main] GitHub upload mode: local
GitHub upload target: ishizuki-tech/SurveyExports-Dev
GitHub upload branch: main
GitHub upload path prefix: (none)
GitHub credentials: available
2026-10-06T20:05:43.682Z D/SurveyApp [main] WorkManager available. where=startupRtLogs(immediate) took=33ms
2026-10-06T20:05:43.683Z D/SurveyApp [main] Startup runtime logs target -> owner=ishizuki-tech repo=SurveyExports-Dev branch=main base='/diagnostics/runtime_logs'
2026-10-06T20:05:43.694Z D/SurveyApp [main] Startup runtime logs: enqueue requested (immediate).
2026-10-06T20:05:43.694Z D/SurveyApp [main] WorkManager available. where=startupRingLogs(immediate) took=0ms
2026-10-06T20:05:43.695Z D/SurveyApp [main] Startup ring logs target -> owner=ishizuki-tech repo=SurveyExports-Dev branch=main base='/diagnostics/applog_ring'
2026-10-06T20:05:43.696Z D/SurveyApp [main] Startup ring logs: enqueue requested (immediate).
2026-10-06T20:05:43.696Z D/SurveyApp [main] WorkManager available. where=enqueuePending(immediate) took=0ms
2026-10-06T20:05:43.696Z D/SurveyApp [main] CrashCapture pending uploads requested (immediate).
2026-10-06T20:05:43.696Z W/SurveyApp [main] Deferred startup enqueues done: took=51ms
2026-10-06T20:05:43.700Z D/SurveyApp [DefaultDispatcher-worker-1] Survey recovery WorkManager available. where=startupSurveyUploads(initial) took=0ms
2026-10-06T20:05:43.707Z D/SurveyApp [DefaultDispatcher-worker-1] Startup survey recovery complete: discovered=0 attempted=0 submitted=0 active=0 trackerUnconfirmed=0 uploaded=0 deferred=0 invalid=0 operationalFailures=0 duplicates=0 unclassified=0
2026-10-06T20:05:45.083Z I/RuntimeLogStore [DefaultDispatcher-worker-1] start repair: ctx/dir refreshed
