=== Previous Session Logcat ===
captured_time_utc=20261006_191228
captured_time_local=20261006_141228
marker=2026-10-06 14:03:27.479
preferred_prev_pid=-1
note=best-effort; buffers may be overwritten before next start
sdk=36
device=samsung SM-S731U
appId=com.negi.survey.local
versionName=0.0.1
versionCode=1

=== Logcat (since marker) ===
--------- beginning of main
10-06 14:12:25.713 12691 12691 I Zygote  : Process 12691 created for com.negi.survey.local
10-06 14:12:25.713 12691 12691 I gi.survey.local: Late-enabling -Xcheck:jni
10-06 14:12:25.732 12691 12691 I gi.survey.local: Using CollectorTypeCMC GC.
10-06 14:12:25.737 12691 12691 D nativeloader: Load libframework-connectivity-tiramisu-jni.so using APEX ns com_android_tethering for caller /apex/com.android.tethering/javalib/framework-connectivity-t.jar: ok
10-06 14:12:25.739 12691 12691 D ActivityThread: setConscryptValidator
10-06 14:12:25.739 12691 12691 D ActivityThread: setConscryptValidator - put
10-06 14:12:25.757 12691 12691 D ApplicationLoaders: Returning zygote-cached class loader: /system_ext/framework/androidx.window.extensions.jar
10-06 14:12:25.757 12691 12691 D ApplicationLoaders: Returning zygote-cached class loader: /system_ext/framework/androidx.window.sidecar.jar
10-06 14:12:26.097 12691 12691 D nativeloader: Configuring clns-9 for other apk /data/app/~~sc-CW6cLVxFay79dnTQbxw==/com.negi.survey.local-fuoGr2_rCwhcZJg5iw9o3A==/base.apk. target_sdk_version=36, uses_libraries=libOpenCL.so, library_path=/data/app/~~sc-CW6cLVxFay79dnTQbxw==/com.negi.survey.local-fuoGr2_rCwhcZJg5iw9o3A==/lib/arm64:/data/app/~~sc-CW6cLVxFay79dnTQbxw==/com.negi.survey.local-fuoGr2_rCwhcZJg5iw9o3A==/base.apk!/lib/arm64-v8a, permitted_path=/data:/mnt/expand:/data/user/0/com.negi.survey.local
10-06 14:12:26.103 12691 12691 V GraphicsEnvironment: Currently set values for:
10-06 14:12:26.103 12691 12691 V GraphicsEnvironment:   angle_gl_driver_selection_pkgs=[]
10-06 14:12:26.103 12691 12691 V GraphicsEnvironment:   angle_gl_driver_selection_values=[]
10-06 14:12:26.103 12691 12691 V GraphicsEnvironment: com.negi.survey.local is not listed in per-application setting
10-06 14:12:26.103 12691 12691 V GraphicsEnvironment: ANGLE allowlist from config: com.dreamgames.royalmatch com.dts.freefiremax com.dxx.firenow com.gramgames.mergedragons com.ludo.king com.mojang.minecraftpe com.my.defense com.nintendo.zaka com.os.airforce com.playrix.fishdomdd.gplay io.teslatech.callbreak jp.konami.prospia net.peakgames.toonblast
10-06 14:12:26.103 12691 12691 V GraphicsEnvironment: No special selections for ANGLE, returning default driver choice
10-06 14:12:26.103 12691 12691 V GraphicsEnvironment: Neither updatable production driver nor prerelease driver is supported.
10-06 14:12:26.139 12691 12691 D nativeloader: Load /data/app/~~sc-CW6cLVxFay79dnTQbxw==/com.negi.survey.local-fuoGr2_rCwhcZJg5iw9o3A==/base.apk!/lib/arm64-v8a/liblitertlm_jni.so using class loader ns clns-9 (caller=/data/app/~~sc-CW6cLVxFay79dnTQbxw==/com.negi.survey.local-fuoGr2_rCwhcZJg5iw9o3A==/base.apk!classes11.dex): ok
10-06 14:12:26.139 12691 12691 D SurveyApp: Loaded LiteRTLM JNI: litertlm_jni where=attachBaseContext
10-06 14:12:26.147 12691 12691 D AppRingLogStore: installed: dir=/data/user/0/com.negi.survey.local/files/diagnostics/applog_ring idx=0
10-06 14:12:26.147 12691 12691 D SurveyApp: attachBaseContext: pid=12691 process=com.negi.survey.local isMain=true sdk=36
10-06 14:12:26.147 12691 12691 D SurveyApp: bootTiming: attachBaseContext total=25ms
10-06 14:12:26.147 12691 12691 D SurveyApp: Skipping WorkManager init in attachBaseContext; will init lazily on first enqueue.
10-06 14:12:26.149 12691 12691 D CrashCapture: install: ensured default handler. where=SurveyApp:attachBaseContext pid=12691 default=com.negi.survey.CrashCapture$CrashHandler@8ba33ca
10-06 14:12:26.149 12691 12691 D SurveyApp: CrashCapture installed: where=SurveyApp:attachBaseContext
10-06 14:12:26.152 12691 12691 E gi.survey.local: hiddenapi: Accessing hidden method Landroid/net/ssl/EchConfigMismatchException;->getRetryConfigList()Landroid/net/ssl/EchConfigList; (runtime_flags=0, domain=core-platform, api=blocked) from /data/app/~~sc-CW6cLVxFay79dnTQbxw==/com.negi.survey.local-fuoGr2_rCwhcZJg5iw9o3A==/base.apk!classes18.dex (domain=app, TargetSdkVersion=36) using linking: denied
10-06 14:12:26.152 12691 12691 E gi.survey.local: hiddenapi: Accessing hidden method Landroid/net/ssl/EchConfigList;->toBytes()[B (runtime_flags=0, domain=core-platform, api=blocked) from /data/app/~~sc-CW6cLVxFay79dnTQbxw==/com.negi.survey.local-fuoGr2_rCwhcZJg5iw9o3A==/base.apk!classes18.dex (domain=app, TargetSdkVersion=36) using linking: denied
10-06 14:12:26.152 12691 12691 E gi.survey.local: hiddenapi: Accessing hidden method Landroid/net/ssl/EchConfigList;->fromBytes([B)Landroid/net/ssl/EchConfigList; (runtime_flags=0, domain=core-platform, api=blocked) from /data/app/~~sc-CW6cLVxFay79dnTQbxw==/com.negi.survey.local-fuoGr2_rCwhcZJg5iw9o3A==/base.apk!classes18.dex (domain=app, TargetSdkVersion=36) using linking: denied
10-06 14:12:26.152 12691 12691 E gi.survey.local: hiddenapi: Accessing hidden method Landroid/net/ssl/SSLSockets;->setEchConfigList(Ljavax/net/ssl/SSLSocket;Landroid/net/ssl/EchConfigList;)V (runtime_flags=0, domain=core-platform, api=blocked) from /data/app/~~sc-CW6cLVxFay79dnTQbxw==/com.negi.survey.local-fuoGr2_rCwhcZJg5iw9o3A==/base.apk!classes18.dex (domain=app, TargetSdkVersion=36) using linking: denied
10-06 14:12:26.155 12691 12712 D RuntimeLogStore: openWriter: start -> /data/user/0/com.negi.survey.local/files/diagnostics/runtime_logs/rtlog_20261006_191226_144_pid12691_seq1.log (bytes=0 format=LEGACY)
10-06 14:12:26.156 12691 12712 D RuntimeLogStore: retention: start files=2 kept=2 totalBytes=4574
10-06 14:12:26.160 12691 12691 D SurveyApp: LiteRTLM JNI already loaded; skip. where=onCreate(retry)
10-06 14:12:26.160 12691 12691 D SurveyApp: bootTiming: RuntimeLogStore.start took=1ms
10-06 14:12:26.160 12691 12691 D SurveyApp: bootTiming: AppRingLogStore.install took=0ms
10-06 14:12:26.160 12691 12691 D SurveyApp: onCreate: pid=12691 process=com.negi.survey.local isMain=true sdk=36
10-06 14:12:26.163 12691 12691 D CrashCapture: install: ensured default handler. where=SurveyApp:onCreate(rewrap) pid=12691 default=com.negi.survey.CrashCapture$CrashHandler@8ba33ca
10-06 14:12:26.163 12691 12691 D SurveyApp: CrashCapture installed: where=SurveyApp:onCreate(rewrap)
10-06 14:12:26.163 12691 12691 D CrashCapture: registerSelfHealing: ActivityLifecycleCallbacks registered. mode=onResumedOnly
10-06 14:12:26.163 12691 12691 D SurveyApp: CrashCapture self-healing registered.
10-06 14:12:26.164 12691 12691 W SurveyApp: Startup enqueues deferred: delay=2500ms (to reduce init contention)
10-06 14:12:26.164 12691 12691 D SurveyApp: Startup survey recovery deferred: delay=2500ms
10-06 14:12:26.164 12691 12691 D SurveyApp: bootTiming: onCreate total=5ms
--------- beginning of system
10-06 14:12:26.168 12691 12691 D ActivityThread: com.negi.survey.local will use render engine as VK
10-06 14:12:26.168 12691 12691 D HWUI    : HWUI - treat SMPTE_170M as sRGB
10-06 14:12:26.169 12691 12718 I DisplayManager: Choreographer implicitly registered for the refresh rate.
10-06 14:12:26.170 12691 12718 D HWUI    : CacheManager constructor. deviceInfo=(1080, 1920)
10-06 14:12:26.170 12691 12718 D vulkan  : searching for layers in '/data/app/~~sc-CW6cLVxFay79dnTQbxw==/com.negi.survey.local-fuoGr2_rCwhcZJg5iw9o3A==/lib/arm64'
10-06 14:12:26.170 12691 12718 D vulkan  : searching for layers in '/data/app/~~sc-CW6cLVxFay79dnTQbxw==/com.negi.survey.local-fuoGr2_rCwhcZJg5iw9o3A==/base.apk!/lib/arm64-v8a'
10-06 14:12:26.170 12691 12718 V XGL     : ----------------------------------------------------------------------
10-06 14:12:26.170 12691 12718 V XGL     : SUMD version compiled date     = 2026-01-09 09:57 - KST
10-06 14:12:26.170 12691 12718 V XGL     : SUMD version revision number   = 1900168dcb
10-06 14:12:26.170 12691 12718 V XGL     : SUMD version info              = Driver version: 24.0.534, git hash: 1900168dcb
10-06 14:12:26.170 12691 12718 V XGL     : ----------------------------------------------------------------------
10-06 14:12:26.170 12691 12718 V XGL     : Entering: Create
10-06 14:12:26.175 12691 12714 I UploadRescheduleRcvr: Survey recovery action=android.intent.action.BOOT_COMPLETED discovered=0 reconciled=0 duplicates=0 unclassified=0 operationalFailures=0 classifications={}
10-06 14:12:26.177 12691 12714 D UploadRescheduleRcvr: No generic GitHub pending files for action=android.intent.action.BOOT_COMPLETED
10-06 14:12:26.178 12691 12691 D DesktopExperienceFlags: Toggle override initialized to: false
10-06 14:12:26.180 12691 12718 V XGL     : Exiting: Create
10-06 14:12:26.181 12691 12691 E ashmem  : Pinning is deprecated since Android Q. Please use trim or other methods.
10-06 14:12:26.187 12691 12691 D CompatChangeReporter: Compat change id reported: 377864165; UID 10396; state: ENABLED
10-06 14:12:26.187 12691 12691 D DesktopModeFlags: Toggle override initialized to: OVERRIDE_UNSET
10-06 14:12:26.188 12691 12691 I DecorView: setWindowBackground: isPopOver=false color=fffafafa d=android.graphics.drawable.ColorDrawable@388a982
10-06 14:12:26.190 12691 12691 D PhoneWindow: forceLight changed to false [] from com.android.internal.policy.PhoneWindow.updateForceLightNavigationBar:663 com.android.internal.policy.PhoneWindow.setNavigationBarColor:4435 androidx.activity.EdgeToEdgeApi35.setUp:353 androidx.activity.EdgeToEdge.enableEdgeToEdge$lambda$1:101 androidx.activity.EdgeToEdge$$ExternalSyntheticLambda0.run:0 
10-06 14:12:26.190 12691 12714 D github_upload: enqueueStartupRuntimeLogsUpload: uniqueName=upload_runtime_logs_startup policy=KEEP session=startup_runtime_20261006_191226_0c5f6e42
10-06 14:12:26.203 12691 12691 D CrashCapture: install: ensured default handler. where=selfHeal:onActivityResumed pid=12691 default=com.negi.survey.CrashCapture$CrashHandler@8ba33ca
10-06 14:12:26.209 12691 12691 D ViewRootImpl: desktopMode is false
10-06 14:12:26.210 12691 12691 I ViewRootImpl: dVRR is disabled
10-06 14:12:26.210 12691 12691 D HardwareRenderer: onDisplayChanged. displayId=0 current wxh=1080x2340 mLargest wxh=0x0
10-06 14:12:26.210 12691 12691 D HardwareRenderer: Set largestWidth and largestHeight as logical resolution. (1080x2340)
10-06 14:12:26.210 12691 12718 D HWUI    : setMaxSurfaceArea requested wxh=(1080,2340) requestedSurfaceArea(2527200) mMaxSurfaceArea(2073600)
10-06 14:12:26.210 12691 12718 D NativeCustomFrequencyManager: [NativeCFMS] BpCustomFrequencyManager::BpCustomFrequencyManager()
10-06 14:12:26.212 12691 12730 I gi.survey.local: [HIDL_FETCH_IMapper] android.hardware.graphics.mapper@4.0: Loaded Mapper successfully.
10-06 14:12:26.214 12691 12691 D InputTransport: Input channel constructed: '4bf20e8', fd=113
10-06 14:12:26.214 12691 12691 I InsetsController: onStateChanged: host=com.negi.survey.local/com.negi.survey.MainActivity, from=android.view.ViewRootImpl.onInsetsStateChanged:3038, state=InsetsState: {mDisplayFrame=Rect(0, 0 - 1080, 2340), mDisplayCutout=DisplayCutout{insets=Rect(0, 82 - 0, 0) waterfall=Insets{left=0, top=0, right=0, bottom=0} boundingRect={Bounds=[Rect(0, 0 - 0, 0), Rect(511, 24 - 569, 82), Rect(0, 0 - 0, 0), Rect(0, 0 - 0, 0)]} cutoutPathParserInfo={CutoutPathParserInfo{displayWidth=1080 displayHeight=2340 physicalDisplayWidth=1080 physicalDisplayHeight=2340 density={2.8125} cutoutSpec={M 0,0 M 0, 8.533333333333333 a 10.31111111111111,10.31111111111111 0 1,0 0,20.62222222222222 a 10.31111111111111,10.31111111111111 0 1,0 0,-20.62222222222222 Z @dp} rotation={0} scale={1.0} physicalPixelDisplaySizeRatio={1.0}}} sideOverrides={}}, mRoundedCorners=RoundedCorners{[RoundedCorner{position=TopLeft, radius=113, center=Point(113, 113)}, RoundedCorner{position=TopRight, radius=113, center=Point(967, 113)}, RoundedCorner{position=BottomRight, radius=113, center=Point(967, 2227)}, RoundedCorner{position=BottomLeft, radius=113, center=Point(113, 2227)}]}  mRoundedCornerFrame=Rect(0, 0 - 1080, 2340), mPrivacyIndicatorBounds=PrivacyIndicatorBounds {static bounds=Rect(956, 0 - 1080, 97) rotation=0}, mDisplayShape=DisplayShape{ spec=-311912193 displayWidth=1080 displayHeight=2340 physicalPixelDisplaySizeRatio=1.0 rotation=0 offsetX=0 offsetY=0 scale=1.0}, mSources= { InsetsSource: {d29a0000 mType=statusBars mFrame=[0,0][1080,97] mAttachedInsets=null mVisible=true mFlags= mSideHint=TOP mBoundingRects=null}, InsetsSource: {d29a0005 mType=mandatorySystemGestures mFrame=[0,0][1080,116] mAttachedInsets=null mVisible=true mFlags= mSideHint=TOP mBoundingRects=null}, InsetsSource: {d29a0006 mType=tappableElement mFrame=[0,0][1080,97] mAttachedInsets=null mVisible=true mFlags= mSideHint=TOP mBoundingRects=null}, InsetsSource: {3 mType=ime mFrame=[0,0][0,0] mAttachedInsets=null mVisible=false mFlags=INVALID mSideHint=NONE mBoundingRects=null}, InsetsSource: {27 mType=displayCutout mFrame=[0,0][1080,82] mAttachedInsets=null mVisible=true mFlags= mSideHint=TOP mBoundingRects=null}, InsetsSource: {4b5d0001 mType=navigationBars mFrame=[0,2205][1080,2340] mAttachedInsets=null mVisible=true mFlags= mSideHint=BOTTOM mBoundingRects=null}, InsetsSource: {4b5d0004 mType=systemGestures mFrame=[0,0][0,0] mAttachedInsets=null mVisible=true mFlags= mSideHint=NONE mBoundingRects=null}, InsetsSource: {4b5d0005 mType=mandatorySystemGestures mFrame=[0,2205][1080,2340] mAttachedInsets=null mVisible=true mFlags= mSideHint=BOTTOM mBoundingRects=null}, InsetsSource: {4b5d0006 mType=tappableElement mFrame=[0,2205][1080,2340] mAttachedInsets=null mVisible=true mFlags= mSideHint=BOTTOM mBoundingRects=null}, InsetsSource: {4b5d0024 mType=systemGestures mFrame=[0,0][0,0] mAttachedInsets=null mVisible=true mFlags= mSideHint=NONE mBoundingRects=null} }
10-06 14:12:26.215 12691 12714 D WM-PackageManagerHelper: Skipping component enablement for androidx.work.impl.background.systemjob.SystemJobService
10-06 14:12:26.215 12691 12714 D WM-Schedulers: Created SystemJobScheduler and enabled SystemJobService
10-06 14:12:26.215 12691 12691 I VRI[MainActivity]@5757692: synced displayState. AttachInfo displayState=2
10-06 14:12:26.215 12691 12691 I VRI[MainActivity]@5757692: setView = com.android.internal.policy.DecorView@fb49e8d IsHRR=false mFlingFrameRateChange=0 TM=true
10-06 14:12:26.216 12691 12691 I IDS_TAG : Clearing training data of com.negi.survey.SurveyApp@b44ad9c
10-06 14:12:26.216 12691 12691 I IDS_TAG : Starting IDS observe window
10-06 14:12:26.216 12691 12691 I IDS_TAG : Getting Shared Preference for com.negi.survey.SurveyApp@b44ad9c uid = 10396
10-06 14:12:26.216 12691 12691 I IDS_TAG : App com.negi.survey.SurveyApp@b44ad9c has not finished training
10-06 14:12:26.217 12691 12718 D HWUI    : HWUI - treat SMPTE_170M as sRGB
10-06 14:12:26.217 12691 12691 I IDS_TAG : Closing IDS observe window
10-06 14:12:26.217 12691 12691 I IDS_TAG : Getting Shared Preference for com.negi.survey.SurveyApp@b44ad9c uid = 10396
10-06 14:12:26.217 12691 12691 I IDS_TAG : IDS count updated to 1 for com.negi.survey.SurveyApp@b44ad9c
10-06 14:12:26.217 12691 12735 D WM-ForceStopRunnable: Is default app process = true
10-06 14:12:26.218 12691 12735 D WM-ForceStopRunnable: Performing cleanup operations.
10-06 14:12:26.218 12691 12691 D WindowOnBackDispatcher: setTopOnBackInvokedCallback (unwrapped): android.app.Activity$$ExternalSyntheticLambda0@100cd90
10-06 14:12:26.223 12691 12714 D UploadRescheduleRcvr: Enqueued runtime logs upload for action=android.intent.action.BOOT_COMPLETED reason=receiver_boot_completed
10-06 14:12:26.239 12691 12735 D WM-ForceStopRunnable: Application was force-stopped, rescheduling.
10-06 14:12:26.266 12691 12738 D WM-SystemJobScheduler: Scheduling work ID 387ac598-2421-4a5a-ad2c-d8a0d857d56dJob ID 0
10-06 14:12:26.268 12691 12738 D WM-GreedyScheduler: Starting tracking for 387ac598-2421-4a5a-ad2c-d8a0d857d56d
10-06 14:12:26.277 12691 12739 D WM-WorkConstraintsTrack: NetworkRequestConstraintController register shared callback
10-06 14:12:26.278 12691 12739 D ConnectivityManager: StackLog: [android.net.ConnectivityManager.sendRequestForNetwork(ConnectivityManager.java:4738)] [android.net.ConnectivityManager.registerDefaultNetworkCallbackForUid(ConnectivityManager.java:5463)] [android.net.ConnectivityManager.registerDefaultNetworkCallback(ConnectivityManager.java:5430)] [android.net.ConnectivityManager.registerDefaultNetworkCallback(ConnectivityManager.java:5404)] [androidx.work.impl.constraints.SharedNetworkCallback.addCallback(WorkConstraintsTracker.kt:362)] [androidx.work.impl.constraints.NetworkRequestConstraintController$track$1.invokeSuspend(WorkConstraintsTracker.kt:179)] [androidx.work.impl.constraints.NetworkRequestConstraintController$track$1.invoke(Unknown Source:8)] [androidx.work.impl.constraints.NetworkRequestConstraintController$track$1.invoke(Unknown Source:4)] [kotlinx.coroutines.flow.ChannelFlowBuilder.collectTo$suspendImpl(Builders.kt:316)] [kotlinx.coroutines.flow.ChannelFlowBuilder.collectTo(Unknown Source:0)] [kotlinx.coroutines.flow.CallbackFlowBuilder.collectTo(Builders.kt:330)] [kotlinx.coroutines.flow.internal.ChannelFlow$collectToFun$1.invokeSuspend(ChannelFlow.kt:56)] [kotlin.coroutines.jvm.internal.BaseContinuationImpl.resumeWith(ContinuationImpl.kt:34)] [kotlinx.coroutines.DispatchedTask.run(DispatchedTask.kt:100)] [androidx.work.impl.utils.SerialExecutorImpl$Task.run(SerialExecutorImpl.java:96)] [java.util.concurrent.ThreadPoolExecutor.runWorker(ThreadPoolExecutor.java:1154)] [java.util.concurrent.ThreadPoolExecutor$Worker.run(ThreadPoolExecutor.java:652)] [java.lang.Thread.run(Thread.java:1563)]
10-06 14:12:26.285 12691 12740 D WM-WorkConstraintsTrack: NetworkRequestConstraintController onCapabilitiesChanged callback
10-06 14:12:26.285 12691 12740 D WM-WorkConstraintsTrack: Not dispatching constraint state yet: isBlocked=null, capabilitiesInitialized=true
10-06 14:12:26.285 12691 12740 D WM-WorkConstraintsTrack: NetworkRequestConstraintController onBlockedStatusChanged callback false
10-06 14:12:26.285 12691 12739 D WM-PackageManagerHelper: androidx.work.impl.background.systemalarm.RescheduleReceiver enabled
10-06 14:12:26.286 12691 12738 D WM-GreedyScheduler: Constraints met: Scheduling work ID WorkGenerationalId(workSpecId=387ac598-2421-4a5a-ad2c-d8a0d857d56d, generation=0)
10-06 14:12:26.292 12691 12738 D WM-Processor: Processor: processing WorkGenerationalId(workSpecId=387ac598-2421-4a5a-ad2c-d8a0d857d56d, generation=0)
10-06 14:12:26.320 12691 12737 I gi.survey.local: hiddenapi: Accessing hidden method Landroid/database/sqlite/SQLiteDatabase;->getThreadSession()Landroid/database/sqlite/SQLiteSession; (runtime_flags=0, domain=platform, api=unsupported) from Landroidx/sqlite/db/framework/FrameworkSQLiteDatabase; (domain=app, TargetSdkVersion=36) using reflection: allowed
10-06 14:12:26.321 12691 12737 I gi.survey.local: hiddenapi: Accessing hidden method Landroid/database/sqlite/SQLiteSession;->beginTransaction(ILandroid/database/sqlite/SQLiteTransactionListener;ILandroid/os/CancellationSignal;)V (runtime_flags=0, domain=platform, api=unsupported) from Landroidx/sqlite/db/framework/FrameworkSQLiteDatabase; (domain=app, TargetSdkVersion=36) using reflection: allowed
10-06 14:12:26.364 12691 12691 D VRI[MainActivity]@5757692: WindowInsets changed: 1080x2340 statusBars:[0,97,0,0] navigationBars:[0,0,0,135] mandatorySystemGestures:[0,116,0,135] 
10-06 14:12:26.373 12691 12691 I HWUI    : Using FreeType backend (prop=Auto)
10-06 14:12:26.389 12691 12691 W libc    : Access denied finding property "vendor.perf.ems.egg"
10-06 14:12:26.389 12691 12691 I BLASTBufferQueue_Java: new BLASTBufferQueue, mName= VRI[MainActivity]@5757692 mNativeObject= 0xb400007c57f647d0 caller= android.view.ViewRootImpl.updateBlastSurfaceIfNeeded:3603 android.view.ViewRootImpl.relayoutWindow:11813 android.view.ViewRootImpl.performTraversals:4840 android.view.ViewRootImpl.doTraversal:3959 android.view.ViewRootImpl$TraversalRunnable.run:13034 android.view.Choreographer$CallbackRecord.run:1961 android.view.Choreographer$CallbackRecord.run:1970 android.view.Choreographer.doCallbacks:1423 android.view.Choreographer.doFrame:1348 android.view.Choreographer$FrameDisplayEventReceiver.run:1930 
10-06 14:12:26.389 12691 12691 I BLASTBufferQueue_Java: update, w= 1080 h= 2340 mName = VRI[MainActivity]@5757692 mNativeObject= 0xb400007c57f647d0 sc.mNativeObject= 0xb400007ba7ee83d0 format= -1 caller= android.view.ViewRootImpl.updateBlastSurfaceIfNeeded:3608 android.view.ViewRootImpl.relayoutWindow:11813 android.view.ViewRootImpl.performTraversals:4840 android.view.ViewRootImpl.doTraversal:3959 android.view.ViewRootImpl$TraversalRunnable.run:13034 android.view.Choreographer$CallbackRecord.run:1961 
10-06 14:12:26.389 12691 12691 W libc    : Access denied finding property "vendor.perf.ems.egg"
10-06 14:12:26.390 12691 12691 I VRI[MainActivity]@5757692: Relayout returned: old=(0,0,1080,2340) new=(0,0,1080,2340) relayoutAsync=false req=(1080,2340)0 dur=3 res=0x3 s={true 0xb400007b97f0aaa0} ch=true seqId=0
10-06 14:12:26.390 12691 12691 I VRI[MainActivity]@5757692: performConfigurationChange setNightDimText nightDimLevel=0
10-06 14:12:26.393 12691 12691 D VRI[MainActivity]@5757692: mThreadedRenderer.initialize() mSurface={isValid=true 0xb400007b97f0aaa0} hwInitialized=true
10-06 14:12:26.405 12691 12691 D VRI[MainActivity]@5757692: reportNextDraw android.view.ViewRootImpl.performTraversals:5507 android.view.ViewRootImpl.doTraversal:3959 android.view.ViewRootImpl$TraversalRunnable.run:13034 android.view.Choreographer$CallbackRecord.run:1961 android.view.Choreographer$CallbackRecord.run:1970 
10-06 14:12:26.405 12691 12691 D VRI[MainActivity]@5757692: Setup new sync=wmsSync-VRI[MainActivity]@5757692#0
10-06 14:12:26.405 12691 12691 I VRI[MainActivity]@5757692: Creating new active sync group VRI[MainActivity]@5757692#1
10-06 14:12:26.406 12691 12691 D VRI[MainActivity]@5757692: registerCallbacksForSync syncBuffer=false
10-06 14:12:26.412 12691 12691 I View    : setRequestedFrameRate frameRate=-4.0, this=android.view.View{974f08a V.ED..... ......I. 0,0-0,0}, caller=androidx.compose.ui.platform.Api35Impl.setRequestedFrameRate:4047 androidx.compose.ui.platform.AndroidComposeView.dispatchDraw:2282 android.view.View.draw:26758 android.view.View.updateDisplayListIfDirty:25577 android.view.View.draw:26477 
10-06 14:12:26.414 12691 12731 D VRI[MainActivity]@5757692: Received frameDrawingCallback syncResult=0 frameNum=1.
10-06 14:12:26.414 12691 12731 I VRI[MainActivity]@5757692: mWNT: t=0xb400007b77f18250 mBlastBufferQueue=0xb400007c57f647d0 fn= 1 HdrRenderState mRenderHdrSdrRatio=1.0 caller= android.view.ViewRootImpl$12.onFrameDraw:15561 android.view.ThreadedRenderer$1.onFrameDraw:751 <bottom of call stack> 
10-06 14:12:26.414 12691 12731 I VRI[MainActivity]@5757692: Setting up sync and frameCommitCallback
10-06 14:12:26.425 12691 12718 I BLASTBufferQueue: [VRI[MainActivity]@5757692#0](f:0,a:0,s:0) onFrameAvailable the first frame is available
10-06 14:12:26.426 12691 12718 I VRI[MainActivity]@5757692: Received frameCommittedCallback lastAttemptedDrawFrameNum=1 didProduceBuffer=true
10-06 14:12:26.426 12691 12718 D HWUI    : CFMS:: SetUp Pid : 12691    Tid : 12718
10-06 14:12:26.426 12691 12691 D VRI[MainActivity]@5757692: reportDrawFinished seqId=0
10-06 14:12:26.426 12691 12691 I gi.survey.local: hiddenapi: Accessing hidden method Landroid/os/SystemProperties;->addChangeCallback(Ljava/lang/Runnable;)V (runtime_flags=0, domain=platform, api=unsupported) from Landroidx/compose/ui/platform/AndroidComposeView$Companion; (domain=app, TargetSdkVersion=36) using reflection: allowed
10-06 14:12:26.434 12691 12691 I View    : setRequestedFrameRate frameRate=NaN, this=android.view.View{974f08a V.ED..... ........ 0,0-0,0}, caller=androidx.compose.ui.platform.Api35Impl.setRequestedFrameRate:4047 androidx.compose.ui.platform.AndroidComposeView.dispatchDraw:2282 android.view.View.draw:26758 android.view.View.updateDisplayListIfDirty:25577 android.view.ViewGroup.recreateChildDisplayList:4881 
10-06 14:12:26.436 12691 12691 D WM-WorkerWrapper: Starting work for com.negi.survey.net.GitHubUploadWorker
10-06 14:12:26.436 12691 12691 I InsetsSourceConsumer: applyRequestedVisibilityToControl: visible=true, type=navigationBars, host=com.negi.survey.local/com.negi.survey.MainActivity
10-06 14:12:26.436 12691 12691 I InsetsSourceConsumer: applyRequestedVisibilityToControl: visible=true, type=statusBars, host=com.negi.survey.local/com.negi.survey.MainActivity
10-06 14:12:26.437 12691 12691 D WM-SystemJobService: onStartJob for WorkGenerationalId(workSpecId=387ac598-2421-4a5a-ad2c-d8a0d857d56d, generation=0)
10-06 14:12:26.442 12691 12735 D WM-Processor: Work WorkGenerationalId(workSpecId=387ac598-2421-4a5a-ad2c-d8a0d857d56d, generation=0) is already enqueued for processing
10-06 14:12:26.444 12691 12691 D VRI[MainActivity]@5757692: mThreadedRenderer.initializeIfNeeded()#2 mSurface={isValid=true 0xb400007b97f0aaa0}
10-06 14:12:26.444 12691 12735 I WM-Processor: Moving WorkSpec (387ac598-2421-4a5a-ad2c-d8a0d857d56d) to the foreground
10-06 14:12:26.444 12691 12691 D InputMethodManagerUtils: startInputInner - Id : 0
10-06 14:12:26.444 12691 12691 I InputMethodManager: startInputInner - IInputMethodManagerGlobalInvoker.startInputOrWindowGainedFocus
10-06 14:12:26.451 12691 12691 I WM-SystemFgDispatcher: Started foreground service Intent { act=ACTION_START_FOREGROUND xflg=0x4 cmp=com.negi.survey.local/androidx.work.impl.foreground.SystemForegroundService (has extras) }
10-06 14:12:26.452 12691 12691 D WM-SystemFgDispatcher: Notifying with (id:6836, workSpecId: 387ac598-2421-4a5a-ad2c-d8a0d857d56d, notificationType :1)
10-06 14:12:26.458 12691 12704 D InputTransport: Input channel constructed: 'ClientS', fd=147
10-06 14:12:26.460 12691 12691 D InsetsController: hide(ime())
10-06 14:12:26.460 12691 12691 I ImeTracker: com.negi.survey.local:cf120494: onCancelled at PHASE_CLIENT_ALREADY_HIDDEN
10-06 14:12:26.461 12691 12735 D WM-WorkProgressUpdater: Updating progress for 387ac598-2421-4a5a-ad2c-d8a0d857d56d (Data {pct : 3, mode : startup_runtime_logs})
10-06 14:12:26.465 12691 12691 D WM-SystemFgDispatcher: Notifying with (id:6836, workSpecId: 387ac598-2421-4a5a-ad2c-d8a0d857d56d, notificationType :1)
10-06 14:12:26.465 12691 12691 I NotificationManager: com.negi.survey.local: notify(6836, null, Notification(channel=uploads shortcut=null contentView=null vibrate=null sound=null defaults=0 flags=ONGOING_EVENT|ONLY_ALERT_ONCE color=0x00000000 category=progress vis=PRIVATE semFlags=0x0 semPriority=0 semMissedCount=0 semScenarioType=0)) as user
10-06 14:12:26.465 12691 12691 D NotificationManager: BOOTING pkg =com.negi.survey.local mBlockedChannelsForOverflowNoti=[]
10-06 14:12:26.470 12691 12735 I WM-Processor: Moving WorkSpec (387ac598-2421-4a5a-ad2c-d8a0d857d56d) to the foreground
10-06 14:12:26.479 12691 12691 D WM-SystemFgDispatcher: Notifying with (id:6836, workSpecId: 387ac598-2421-4a5a-ad2c-d8a0d857d56d, notificationType :1)
10-06 14:12:26.479 12691 12691 I NotificationManager: com.negi.survey.local: notify(6836, null, Notification(channel=uploads shortcut=null contentView=null vibrate=null sound=null defaults=0 flags=ONGOING_EVENT|ONLY_ALERT_ONCE color=0x00000000 category=progress vis=PRIVATE semFlags=0x0 semPriority=0 semMissedCount=0 semScenarioType=0)) as user
10-06 14:12:26.484 12691 12735 D WM-WorkConstraintsTrack: NetworkRequestConstraintController send initial capabilities
10-06 14:12:26.510 12691 12698 I gi.survey.local: Compiler allocated 5214KB to compile void android.view.ViewRootImpl.performTraversals()
10-06 14:12:26.655 12691 12691 D IntroScreen: Resolved config details: id=survey_config10.yaml in 227ms
10-06 14:12:26.675 12691 12691 I View    : setRequestedFrameRate frameRate=-4.0, this=android.view.View{974f08a V.ED..... ........ 0,0-0,0}, caller=androidx.compose.ui.platform.Api35Impl.setRequestedFrameRate:4047 androidx.compose.ui.platform.AndroidComposeView.dispatchDraw:2282 android.view.View.draw:26758 android.view.View.updateDisplayListIfDirty:25577 android.view.ViewGroup.recreateChildDisplayList:4881 
10-06 14:12:26.990 12691 12691 I View    : setRequestedFrameRate frameRate=NaN, this=android.view.View{974f08a V.ED..... ........ 0,0-0,0}, caller=androidx.compose.ui.platform.Api35Impl.setRequestedFrameRate:4047 androidx.compose.ui.platform.AndroidComposeView.dispatchDraw:2282 android.view.View.draw:26758 android.view.View.updateDisplayListIfDirty:25577 android.view.ViewGroup.recreateChildDisplayList:4881 
10-06 14:12:27.006 12691 12691 I View    : setRequestedFrameRate frameRate=-4.0, this=android.view.View{974f08a V.ED..... ........ 0,0-0,0}, caller=androidx.compose.ui.platform.Api35Impl.setRequestedFrameRate:4047 androidx.compose.ui.platform.AndroidComposeView.dispatchDraw:2282 android.view.View.draw:26758 android.view.View.updateDisplayListIfDirty:25577 android.view.ViewGroup.recreateChildDisplayList:4881 
10-06 14:12:27.009 12691 12691 I View    : setRequestedFrameRate frameRate=NaN, this=android.view.View{974f08a V.ED..... ........ 0,0-0,0}, caller=androidx.compose.ui.platform.Api35Impl.setRequestedFrameRate:4047 androidx.compose.ui.platform.AndroidComposeView.dispatchDraw:2282 android.view.View.draw:26758 android.view.View.updateDisplayListIfDirty:25577 android.view.ViewGroup.recreateChildDisplayList:4881 
10-06 14:12:27.018 12691 12691 I View    : setRequestedFrameRate frameRate=-4.0, this=android.view.View{974f08a V.ED..... ........ 0,0-0,0}, caller=androidx.compose.ui.platform.Api35Impl.setRequestedFrameRate:4047 androidx.compose.ui.platform.AndroidComposeView.dispatchDraw:2282 android.view.View.draw:26758 android.view.View.updateDisplayListIfDirty:25577 android.view.ViewGroup.recreateChildDisplayList:4881 
10-06 14:12:27.023 12691 12691 I View    : setRequestedFrameRate frameRate=NaN, this=android.view.View{974f08a V.ED..... ........ 0,0-0,0}, caller=androidx.compose.ui.platform.Api35Impl.setRequestedFrameRate:4047 androidx.compose.ui.platform.AndroidComposeView.dispatchDraw:2282 android.view.View.draw:26758 android.view.View.updateDisplayListIfDirty:25577 android.view.ViewGroup.recreateChildDisplayList:4881 
10-06 14:12:27.059 12691 12691 I View    : setRequestedFrameRate frameRate=-4.0, this=android.view.View{974f08a V.ED..... ........ 0,0-0,0}, caller=androidx.compose.ui.platform.Api35Impl.setRequestedFrameRate:4047 androidx.compose.ui.platform.AndroidComposeView.dispatchDraw:2282 android.view.View.draw:26758 android.view.View.updateDisplayListIfDirty:25577 android.view.ViewGroup.recreateChildDisplayList:4881 
10-06 14:12:27.063 12691 12691 I View    : setRequestedFrameRate frameRate=NaN, this=android.view.View{974f08a V.ED..... ........ 0,0-0,0}, caller=androidx.compose.ui.platform.Api35Impl.setRequestedFrameRate:4047 androidx.compose.ui.platform.AndroidComposeView.dispatchDraw:2282 android.view.View.draw:26758 android.view.View.updateDisplayListIfDirty:25577 android.view.ViewGroup.recreateChildDisplayList:4881 
10-06 14:12:27.072 12691 12691 I View    : setRequestedFrameRate frameRate=-4.0, this=android.view.View{974f08a V.ED..... ........ 0,0-0,0}, caller=androidx.compose.ui.platform.Api35Impl.setRequestedFrameRate:4047 androidx.compose.ui.platform.AndroidComposeView.dispatchDraw:2282 android.view.View.draw:26758 android.view.View.updateDisplayListIfDirty:25577 android.view.ViewGroup.recreateChildDisplayList:4881 
10-06 14:12:27.074 12691 12691 I View    : setRequestedFrameRate frameRate=NaN, this=android.view.View{974f08a V.ED..... ........ 0,0-0,0}, caller=androidx.compose.ui.platform.Api35Impl.setRequestedFrameRate:4047 androidx.compose.ui.platform.AndroidComposeView.dispatchDraw:2282 android.view.View.draw:26758 android.view.View.updateDisplayListIfDirty:25577 android.view.ViewGroup.recreateChildDisplayList:4881 
10-06 14:12:27.673 12691 12712 D RuntimeLogStore: openWriter: rotate:plain_snapshot:receiver_boot_completed -> /data/user/0/com.negi.survey.local/files/diagnostics/runtime_logs/rtlog_20261006_191227_671_pid12691_seq2.log (bytes=0 format=LEGACY)
10-06 14:12:27.674 12691 12712 D RuntimeLogStore: retention: rotate:plain_snapshot:receiver_boot_completed files=3 kept=3 totalBytes=6392
10-06 14:12:27.723 12691 12714 D github_upload: doRuntimeLogsUpload: remoteBaseDir=diagnostics/runtime_logs/2026-10-06/runtime_logs_startup_runtime_20261006_191226_0c5f6e42_receiver_boot_completed toUpload=2 bytes=6050 dedupe=true deleteSource=true deletedSourcePre=0 preview='runtime_log_20261006_191227_678_pid12691_receiver_boot_completed__rtlog_20261006_191226_144_pid12691_seq1.log|runtime_log_20261006_191227_678_pid12691_receiver_boot_completed__rtlog_20261006_190324_935_pid11479_seq1.log'
10-06 14:12:27.726 12691 12714 D GitHubUploader: uploadStream: owner=ishizuki-tech repo=SurveyExports-Dev branch=main path=diagnostics/runtime_logs/2026-10-06/runtime_logs_startup_runtime_20261006_191226_0c5f6e42_receiver_boot_completed/runtime_log_20261006_191227_678_pid12691_receiver_boot_completed__rtlog_20261006_191226_144_pid12691_seq1.log size=1800 maxRawBytesHint=1000000 maxRequestBytesHint=2800000
10-06 14:12:27.727 12691 12737 D WM-WorkProgressUpdater: Updating progress for 387ac598-2421-4a5a-ad2c-d8a0d857d56d (Data {pct : 10, mode : startup_runtime_logs})
10-06 14:12:27.734 12691 12737 I WM-Processor: Moving WorkSpec (387ac598-2421-4a5a-ad2c-d8a0d857d56d) to the foreground
10-06 14:12:27.736 12691 12691 D WM-SystemFgDispatcher: Notifying with (id:6836, workSpecId: 387ac598-2421-4a5a-ad2c-d8a0d857d56d, notificationType :1)
10-06 14:12:27.736 12691 12691 I NotificationManager: com.negi.survey.local: notify(6836, null, Notification(channel=uploads shortcut=null contentView=null vibrate=null sound=null defaults=0 flags=ONGOING_EVENT|ONLY_ALERT_ONCE color=0x00000000 category=progress vis=PRIVATE semFlags=0x0 semPriority=0 semMissedCount=0 semScenarioType=0)) as user
10-06 14:12:28.457 12691 12737 D WM-WorkProgressUpdater: Updating progress for 387ac598-2421-4a5a-ad2c-d8a0d857d56d (Data {pct : 14, mode : startup_runtime_logs})
10-06 14:12:28.465 12691 12738 I WM-Processor: Moving WorkSpec (387ac598-2421-4a5a-ad2c-d8a0d857d56d) to the foreground
10-06 14:12:28.468 12691 12691 D WM-SystemFgDispatcher: Notifying with (id:6836, workSpecId: 387ac598-2421-4a5a-ad2c-d8a0d857d56d, notificationType :1)
10-06 14:12:28.468 12691 12738 D WM-WorkProgressUpdater: Updating progress for 387ac598-2421-4a5a-ad2c-d8a0d857d56d (Data {pct : 50, mode : startup_runtime_logs})
10-06 14:12:28.468 12691 12691 I NotificationManager: com.negi.survey.local: notify(6836, null, Notification(channel=uploads shortcut=null contentView=null vibrate=null sound=null defaults=0 flags=ONGOING_EVENT|ONLY_ALERT_ONCE color=0x00000000 category=progress vis=PRIVATE semFlags=0x0 semPriority=0 semMissedCount=0 semScenarioType=0)) as user
10-06 14:12:28.471 12691 12739 I WM-Processor: Moving WorkSpec (387ac598-2421-4a5a-ad2c-d8a0d857d56d) to the foreground
10-06 14:12:28.479 12691 12691 D WM-SystemFgDispatcher: Notifying with (id:6836, workSpecId: 387ac598-2421-4a5a-ad2c-d8a0d857d56d, notificationType :1)
10-06 14:12:28.480 12691 12691 I NotificationManager: com.negi.survey.local: notify(6836, null, Notification(channel=uploads shortcut=null contentView=null vibrate=null sound=null defaults=0 flags=ONGOING_EVENT|ONLY_ALERT_ONCE color=0x00000000 category=progress vis=PRIVATE semFlags=0x0 semPriority=0 semMissedCount=0 semScenarioType=0)) as user
10-06 14:12:28.669 12691 12691 W SurveyApp: Deferred startup enqueues begin...
10-06 14:12:28.672 12691 12691 I SurveyApp: GitHub upload mode: local
10-06 14:12:28.672 12691 12691 I SurveyApp: GitHub upload target: ishizuki-tech/SurveyExports-Dev
10-06 14:12:28.672 12691 12691 I SurveyApp: GitHub upload branch: main
10-06 14:12:28.672 12691 12691 I SurveyApp: GitHub upload path prefix: (none)
10-06 14:12:28.672 12691 12691 I SurveyApp: GitHub credentials: available
10-06 14:12:28.672 12691 12691 D SurveyApp: WorkManager available. where=startupRtLogs(immediate) took=0ms
10-06 14:12:28.675 12691 12691 D SurveyApp: Startup runtime logs target -> owner=ishizuki-tech repo=SurveyExports-Dev branch=main base='/diagnostics/runtime_logs'
10-06 14:12:28.678 12691 12691 D github_upload: enqueueStartupRuntimeLogsUpload: uniqueName=upload_runtime_logs_startup policy=KEEP session=startup_runtime_20261006_191228_4be0e452
10-06 14:12:28.678 12691 12691 D SurveyApp: Startup runtime logs: enqueue requested (immediate).
10-06 14:12:28.678 12691 12691 D SurveyApp: WorkManager available. where=startupRingLogs(immediate) took=0ms
10-06 14:12:28.679 12691 12691 D SurveyApp: Startup ring logs target -> owner=ishizuki-tech repo=SurveyExports-Dev branch=main base='/diagnostics/applog_ring'
10-06 14:12:28.680 12691 12691 D github_upload: enqueueStartupRingLogsUpload: uniqueName=upload_ring_logs_startup policy=KEEP session=startup_ring_20261006_191228_8a4ebcc4
10-06 14:12:28.680 12691 12691 D SurveyApp: Startup ring logs: enqueue requested (immediate).
10-06 14:12:28.681 12691 12691 D SurveyApp: WorkManager available. where=enqueuePending(immediate) took=0ms
10-06 14:12:28.681 12691 12691 D SurveyApp: CrashCapture pending uploads requested (immediate).
10-06 14:12:28.681 12691 12691 W SurveyApp: Deferred startup enqueues done: took=13ms
10-06 14:12:28.682 12691 12777 D CrashCapture: enqueuePendingCrashUploadsIfPossible enter where=SurveyApp:enqueuePending(immediate):bg pid=12691 thread=CrashCapture-Enqueue
10-06 14:12:28.682 12691 12745 D SurveyApp: Survey recovery WorkManager available. where=startupSurveyUploads(initial) took=0ms
10-06 14:12:28.684 12691 12745 D SurveyApp: Startup survey recovery complete: discovered=0 attempted=0 submitted=0 active=0 trackerUnconfirmed=0 uploaded=0 deferred=0 invalid=0 operationalFailures=0 duplicates=0 unclassified=0
10-06 14:12:28.693 12691 12739 D WM-SystemJobScheduler: Scheduling work ID d373a7f8-511f-4c81-8c27-1c224c45e909Job ID 1
10-06 14:12:28.697 12691 12739 D WM-GreedyScheduler: Starting tracking for d373a7f8-511f-4c81-8c27-1c224c45e909
10-06 14:12:28.700 12691 12691 D WM-SystemJobService: onStartJob for WorkGenerationalId(workSpecId=d373a7f8-511f-4c81-8c27-1c224c45e909, generation=0)
10-06 14:12:28.700 12691 12739 D WM-WorkConstraintsTrack: NetworkRequestConstraintController send initial capabilities
10-06 14:12:28.703 12691 12739 D WM-Processor: Processor: processing WorkGenerationalId(workSpecId=d373a7f8-511f-4c81-8c27-1c224c45e909, generation=0)
10-06 14:12:28.708 12691 12691 D WM-WorkerWrapper: Starting work for com.negi.survey.net.GitHubUploadWorker
10-06 14:12:28.709 12691 12739 D WM-GreedyScheduler: Constraints met: Scheduling work ID WorkGenerationalId(workSpecId=d373a7f8-511f-4c81-8c27-1c224c45e909, generation=0)
10-06 14:12:28.711 12691 12739 D WM-Processor: Work WorkGenerationalId(workSpecId=d373a7f8-511f-4c81-8c27-1c224c45e909, generation=0) is already enqueued for processing
10-06 14:12:28.714 12691 12739 I WM-Processor: Moving WorkSpec (d373a7f8-511f-4c81-8c27-1c224c45e909) to the foreground
