=== RuntimeLogStore Header ===
ts=2026-10-03T04:54:05.582Z
fileNameFormat=LEGACY
appId=com.negi.survey.local
versionName=0.0.1
versionCode=1
debug=true
device=samsung SM-S731U
sdk=36
pid=12203
==============================
2026-10-03T04:54:05.582Z I/RuntimeLogStore [rtlog-io] start: actor launched (fileNameFormat=LEGACY)
2026-10-03T04:54:05.556Z D/SurveyApp [main] attachBaseContext: pid=12203 process=com.negi.survey.local isMain=true sdk=36
2026-10-03T04:54:05.556Z D/SurveyApp [main] bootTiming: attachBaseContext total=60ms
2026-10-03T04:54:05.556Z D/SurveyApp [main] Skipping WorkManager init in attachBaseContext; will init lazily on first enqueue.
2026-10-03T04:54:05.558Z D/SurveyApp [main] CrashCapture installed: where=SurveyApp:attachBaseContext
2026-10-03T04:54:05.589Z I/RuntimeLogStore [main] start repair: ctx/dir refreshed
2026-10-03T04:54:05.590Z D/SurveyApp [main] bootTiming: RuntimeLogStore.start took=0ms
2026-10-03T04:54:05.590Z D/SurveyApp [main] bootTiming: AppRingLogStore.install took=0ms
2026-10-03T04:54:05.590Z D/SurveyApp [main] onCreate: pid=12203 process=com.negi.survey.local isMain=true sdk=36
2026-10-03T04:54:05.595Z D/SurveyApp [main] CrashCapture installed: where=SurveyApp:onCreate(rewrap)
2026-10-03T04:54:05.596Z D/SurveyApp [main] CrashCapture self-healing registered.
2026-10-03T04:54:05.596Z W/SurveyApp [main] Startup enqueues deferred: delay=2500ms (to reduce init contention)
2026-10-03T04:54:05.596Z D/SurveyApp [main] Startup survey recovery deferred: delay=2500ms
2026-10-03T04:54:05.596Z D/SurveyApp [main] bootTiming: onCreate total=8ms
2026-10-03T04:54:05.627Z I/RuntimeLogStore [DefaultDispatcher-worker-1] start repair: ctx/dir refreshed
2026-10-03T04:54:08.098Z W/SurveyApp [main] Deferred startup enqueues begin...
2026-10-03T04:54:08.100Z I/SurveyApp [main] GitHub upload mode: local
GitHub upload target: ishizuki-tech/SurveyExports-Dev
GitHub upload branch: main
GitHub upload path prefix: (none)
GitHub credentials: available
2026-10-03T04:54:08.100Z D/SurveyApp [main] WorkManager available. where=startupRtLogs(immediate) took=0ms
2026-10-03T04:54:08.101Z D/SurveyApp [main] Startup runtime logs target -> owner=ishizuki-tech repo=SurveyExports-Dev branch=main base='/diagnostics/runtime_logs'
2026-10-03T04:54:08.103Z D/SurveyApp [main] Startup runtime logs: enqueue requested (immediate).
2026-10-03T04:54:08.104Z D/SurveyApp [main] WorkManager available. where=startupRingLogs(immediate) took=0ms
2026-10-03T04:54:08.105Z D/SurveyApp [main] Startup ring logs target -> owner=ishizuki-tech repo=SurveyExports-Dev branch=main base='/diagnostics/applog_ring'
2026-10-03T04:54:08.106Z D/SurveyApp [main] Startup ring logs: enqueue requested (immediate).
2026-10-03T04:54:08.106Z D/SurveyApp [main] WorkManager available. where=enqueuePending(immediate) took=0ms
2026-10-03T04:54:08.107Z D/SurveyApp [main] CrashCapture pending uploads requested (immediate).
2026-10-03T04:54:08.107Z W/SurveyApp [main] Deferred startup enqueues done: took=8ms
2026-10-03T04:54:08.108Z D/SurveyApp [DefaultDispatcher-worker-3] Survey recovery WorkManager available. where=startupSurveyUploads(initial) took=0ms
2026-10-03T04:54:08.109Z D/SurveyApp [DefaultDispatcher-worker-3] Startup survey recovery complete: discovered=0 attempted=0 submitted=0 active=0 trackerUnconfirmed=0 uploaded=0 deferred=0 invalid=0 operationalFailures=0 duplicates=0 unclassified=0
2026-10-03T04:54:30.351Z I/RuntimeLogStore [DefaultDispatcher-worker-2] start repair: ctx/dir refreshed
